// Jest Snapshot v1, https://goo.gl/fbAQLP

exports[`FilmInfo component Component matches shapshot 1`] = `
<div
  className="mainContainer"
>
  <div
    className="filmPosterContainer"
  >
    <img
      alt="FilmPoster"
      src="https://m.media-amazon.com/images/M/MV5BM2MyNTAwZGEtNTAxNC00ODVjLTgzZjUtYmU0YjAzNmQyZDEwXkEyXkFqcGdeQXVyNDc2NTg3NzA@._V1_SX300.jpg"
    />
    <div
      className="ratingList"
    >
      <div
        className="ratingItem"
      >
        <h1>
          IMDB Rating:
        </h1>
        <div
          className="iconWithRating"
        >
          <p>
            7.8
             / 
            <span>
              10
            </span>
          </p>
          <img
            alt="IMDB"
            src="IMDB_Logo_2016.svg.png"
          />
        </div>
      </div>
      <div
        className="ratingItem"
      >
        <h1>
          METACRITIC:
        </h1>
        <div
          className="iconWithRating"
        >
          <p>
            72
             / 
            <span>
              100
            </span>
          </p>
          <img
            alt="Metacritic"
            src="Metacritic.svg"
          />
        </div>
      </div>
    </div>
  </div>
  <div
    className="filmInfoContainer"
  >
    <h1
      className="title"
    >
      The Batman
    </h1>
    <div
      className="addInfo"
    >
      <div
        className="runtime"
      >
        <p>
          Runtime:
          <span>
            176 min
          </span>
        </p>
      </div>
      <div
        className="genre"
      >
        <p>
          Genre:
          <span>
            Action, Crime, Drama
          </span>
        </p>
      </div>
      <div
        className="year"
      >
        <p>
          Year:
          <span>
            2022
          </span>
        </p>
      </div>
      <div
        className="type"
      >
        <p>
          Type:
          <span>
            movie
          </span>
        </p>
      </div>
      <div
        className="plot"
      >
        <p>
          When a sadistic serial killer begins murdering key political figures in Gotham, Batman is forced to investigate the city's hidden corruption and question his family's involvement.
        </p>
      </div>
    </div>
    <div
      className="line"
    />
    <div
      className="oscarAwardsContainer"
    >
      <div
        className="oscarAwards"
      />
      <div />
      <div
        className="awardsText"
      >
        <p>
          Nominated for 3 Oscars. 35 wins & 165 nominations total
        </p>
      </div>
    </div>
    <div
      className="addInfoContainer"
    >
      <div
        className="directorsTest"
      >
        <div
          className="verticalLine"
        />
        <div
          className="textContainer"
        >
          <h1>
            Matt Reeves
          </h1>
          <p>
            Director
          </p>
        </div>
      </div>
      <div
        className="directorsTest"
      >
        <div
          className="verticalLine"
        />
        <div
          className="textContainer"
        >
          <h1>
            PG-13
          </h1>
          <p>
            Rated
          </p>
        </div>
      </div>
      <div
        className="directorsTest"
      >
        <div
          className="verticalLine"
        />
        <div
          className="textContainer"
        >
          <h1>
            English, Spanish, Latin, Italian
          </h1>
          <p>
            Language
          </p>
        </div>
      </div>
      <div
        className="directorsTest"
      >
        <div
          className="verticalLine"
        />
        <div
          className="textContainer"
        >
          <h1>
            04 Mar 2022
          </h1>
          <p>
            Released
          </p>
        </div>
      </div>
      <div
        className="directorsTest"
      >
        <div
          className="verticalLine"
        />
        <div
          className="textContainer"
        >
          <h1>
            United States
          </h1>
          <p>
            Country
          </p>
        </div>
      </div>
      <div
        className="directorsTest"
      >
        <div
          className="verticalLine"
        />
         
        <div
          className="textContainer"
        >
          <h1>
            $369,345,583
          </h1>
          <p>
            Box Office
          </p>
        </div>
      </div>
    </div>
  </div>
</div>
`;
